// Jest Snapshot v1, https://goo.gl/fbAQLP

exports[`App component should render by default 1`] = `
<div
  className="root"
>
  <aside
    className="aside"
  >
    <<---MovieList--->
      activeMovie={null}
      favoriteMoviesConfig={Object {}}
      movies={Array []}
      onMovieClick={[Function]}
    />
  </aside>
</div>
`;

exports[`App component should render with movies properly 1`] = `
<div
  className="root"
>
  <aside
    className="aside"
  >
    <<---MovieList--->
      activeMovie={
        Object {
          "created": "2014-12-10T14:23:31.880000Z",
          "director": "George Lucas",
          "episode_id": 4,
          "opening_crawl": "It is a period of civil war.
Rebel spaceships, striking
from a hidden base, have won
their first victory against
the evil Galactic Empire.

During the battle, Rebel
spies managed to steal secret
plans to the Empire's
ultimate weapon, the DEATH
STAR, an armored space
station with enough power
to destroy an entire planet.

Pursued by the Empire's
sinister agents, Princess
Leia races home aboard her
starship, custodian of the
stolen plans that can save her
people and restore
freedom to the galaxy....",
          "producer": "Gary Kurtz, Rick McCallum",
          "release_date": "1977-05-25",
          "title": "A New Hope",
          "url": "https://swapi.dev/api/films/1/",
        }
      }
      favoriteMoviesConfig={
        Object {
          "A New Hope": true,
        }
      }
      movies={
        Array [
          Object {
            "created": "2014-12-10T14:23:31.880000Z",
            "director": "George Lucas",
            "episode_id": 4,
            "opening_crawl": "It is a period of civil war.
Rebel spaceships, striking
from a hidden base, have won
their first victory against
the evil Galactic Empire.

During the battle, Rebel
spies managed to steal secret
plans to the Empire's
ultimate weapon, the DEATH
STAR, an armored space
station with enough power
to destroy an entire planet.

Pursued by the Empire's
sinister agents, Princess
Leia races home aboard her
starship, custodian of the
stolen plans that can save her
people and restore
freedom to the galaxy....",
            "producer": "Gary Kurtz, Rick McCallum",
            "release_date": "1977-05-25",
            "title": "A New Hope",
            "url": "https://swapi.dev/api/films/1/",
          },
        ]
      }
      onMovieClick={[Function]}
    />
  </aside>
  <main
    className="main"
  >
    <<---MovieDetails--->
      created="2014-12-10T14:23:31.880000Z"
      director="George Lucas"
      episode_id={4}
      favoriteMoviesConfig={
        Object {
          "A New Hope": true,
        }
      }
      onFavoriteIconClick={[Function]}
      opening_crawl="It is a period of civil war.
Rebel spaceships, striking
from a hidden base, have won
their first victory against
the evil Galactic Empire.

During the battle, Rebel
spies managed to steal secret
plans to the Empire's
ultimate weapon, the DEATH
STAR, an armored space
station with enough power
to destroy an entire planet.

Pursued by the Empire's
sinister agents, Princess
Leia races home aboard her
starship, custodian of the
stolen plans that can save her
people and restore
freedom to the galaxy...."
      producer="Gary Kurtz, Rick McCallum"
      release_date="1977-05-25"
      title="A New Hope"
      url="https://swapi.dev/api/films/1/"
    />
  </main>
</div>
`;
